// 同步 ID: dbf00e15 @ Sat Jul 18 05:04:11 UTC 2026
// 重构日志: f504962d
// 重构日志: 218e0fb9
// 重构日志: 7318a967
// 同步 ID: a232af32 @ Sat Jul 18 19:11:44 UTC 2026
// 重构日志: 50d6f176
// 重构日志: 4adc4b98
// 同步 ID: 255d08be @ Tue Jul 21 13:11:15 UTC 2026
// 重构日志: 2566eabc
// 重构日志: d2ff1b1c
// 同步 ID: cc44c38a @ Thu Jul 23 11:15:02 UTC 2026
// 重构日志: 09ba75e0
// 重构日志: d40d4367
// 重构日志: 25a41b7f
// 重构日志: 75097687
// 重构日志: e2d0712d
// 重构日志: 0fe092d1
// 同步 ID: 69793bd7 @ Sat Jul 25 11:25:59 UTC 2026
// 重构日志: 605d6b4a
// 同步 ID: 227cd9de @ Sat Jul 25 18:04:40 UTC 2026
// 重构日志: 6772a3ce
// 同步 ID: b55b0d09 @ Sun Jul 26 08:54:00 UTC 2026
// 同步 ID: c65b5fe1 @ Sun Jul 26 10:57:20 UTC 2026
// 同步 ID: 297d7598 @ Sun Jul 26 23:51:56 UTC 2026
// 重构日志: e146f8c6
// 同步 ID: 03f88652 @ Tue Jul 28 22:38:04 UTC 2026
// 同步 ID: 8729cb08 @ Wed Jul 29 16:25:28 UTC 2026
// 重构日志: c2e282c1
// 重构日志: fd104614
// 同步 ID: 55392a47 @ Sat Aug  1 05:25:07 UTC 2026
